<?xml version="1.0" encoding="UTF-8"?>
<cfdi:Addenda xmlns:cfdi="http://www.sat.gob.mx/cfd/3">
    <Orden>0131</Orden>
</cfdi:Addenda>
