<?xml version="1.0" encoding="UTF-8"?>
<cfdi:Addenda xmlns:cfdi="http://www.sat.gob.mx/cfd/3" xmlns:mmmcfdi="http://mmm.com/CDFI">
    <eu:AddendaEU
        xmlns:eu="http://factura.envasesuniversales.com/addenda/eu"
        xmlns:xsi="http://www.w3.org/2001/XMLSchema-instance"
        xsi:schemaLocation="http://factura.envasesuniversales.com/addenda/eu http://factura.envasesuniversales.com/addenda/eu/EU_Addenda.xsd">
        <eu:TipoFactura>
            <eu:IdFactura>Factura</eu:IdFactura>
            <eu:Version>1.0</eu:Version>
            <eu:FechaMensaje>2018-12-06</eu:FechaMensaje>
        </eu:TipoFactura>
        <eu:TipoTransaccion>
            <eu:IdTransaccion>Con_Pedido</eu:IdTransaccion>
            <eu:Transaccion>987456</eu:Transaccion>
        </eu:TipoTransaccion>
        <eu:OrdenesCompra>
            <eu:Secuencia consec="1">
                <eu:IdPedido>PO456</eu:IdPedido>
                <eu:EntradaAlmacen>
                    <eu:Albaran>12345</eu:Albaran>
                </eu:EntradaAlmacen>
            </eu:Secuencia>
        </eu:OrdenesCompra>
        <eu:Moneda>
            <eu:MonedaCve>USD</eu:MonedaCve>
            <eu:TipoCambio>20.000000</eu:TipoCambio>
            <eu:SubtotalM>450.0</eu:SubtotalM>
            <eu:TotalM>477.0</eu:TotalM>
            <eu:ImpuestoM>72.0</eu:ImpuestoM>
        </eu:Moneda>
    </eu:AddendaEU>
</cfdi:Addenda>
