<?xml version="1.0" encoding="UTF-8"?>
<cfdi:Addenda xmlns:cfdi="http://www.sat.gob.mx/cfd/3">
    <requestForPayment type="SimpleInvoiceType" contentVersion="1.3.1" documentStructureVersion="VALLEN7.1" documentStatus="ORIGINAL" DeliveryDate="2018-12-16">
        <orderIdentification>
            <referenceIdentification type="ON">0131</referenceIdentification>
        </orderIdentification>
        <currency currencyISOCode="USD"/>
    </requestForPayment>
</cfdi:Addenda>
